[INFO] Scanning for projects...
[INFO] ------------------------------------------------------------------------
[INFO] Reactor Build Order:
[INFO] 
[INFO] food-ordering-system                                               [pom]
[INFO] order-service                                                      [pom]
[INFO] order-domain-core                                                  [jar]
[INFO] order-application-service                                          [jar]
[INFO] order-domain                                                       [pom]
[INFO] order-application                                                  [jar]
[INFO] order-dataaccess                                                   [jar]
[INFO] order-messaging                                                    [jar]
[INFO] order-container                                                    [jar]
[INFO] 
[INFO] -----------< com.food.ordering.system:food-ordering-system >------------
[INFO] Building food-ordering-system 1.0-SNAPSHOT                         [1/9]
[INFO]   from pom.xml
[INFO] --------------------------------[ pom ]---------------------------------
[INFO] 
[INFO] --- clean:3.5.0:clean (default-clean) @ food-ordering-system ---
[INFO] 
[INFO] --- install:3.1.4:install (default-install) @ food-ordering-system ---
[INFO] Installing C:\Users\Samsung\Studying\food-ordering-system\pom.xml to C:\Users\Samsung\.m2\repository\com\food\ordering\system\food-ordering-system\1.0-SNAPSHOT\food-ordering-system-1.0-SNAPSHOT.pom
[INFO] 
[INFO] ---------------< com.food.ordering.system:order-service >---------------
[INFO] Building order-service 1.0-SNAPSHOT                                [2/9]
[INFO]   from order-service\pom.xml
[INFO] --------------------------------[ pom ]---------------------------------
[INFO] 
[INFO] --- clean:3.5.0:clean (default-clean) @ order-service ---
[INFO] 
[INFO] --- install:3.1.4:install (default-install) @ order-service ---
[INFO] Installing C:\Users\Samsung\Studying\food-ordering-system\order-service\pom.xml to C:\Users\Samsung\.m2\repository\com\food\ordering\system\order-service\1.0-SNAPSHOT\order-service-1.0-SNAPSHOT.pom
[INFO] 
[INFO] -------------< com.food.ordering.system:order-domain-core >-------------
[INFO] Building order-domain-core 1.0-SNAPSHOT                            [3/9]
[INFO]   from order-service\order-domain\order-domain-core\pom.xml
[INFO] --------------------------------[ jar ]---------------------------------
[INFO] 
[INFO] --- clean:3.5.0:clean (default-clean) @ order-domain-core ---
[INFO] Deleting C:\Users\Samsung\Studying\food-ordering-system\order-service\order-domain\order-domain-core\target
[INFO] 
[INFO] --- resources:3.3.1:resources (default-resources) @ order-domain-core ---
[INFO] Copying 0 resource from src\main\resources to target\classes
[INFO] Copying 0 resource from src\main\resources to target\classes
[INFO] 
[INFO] --- compiler:3.14.1:compile (default-compile) @ order-domain-core ---
[INFO] Recompiling the module because of changed source code.
[INFO] Compiling 1 source file with javac [debug parameters release 22] to target\classes
[INFO] ------------------------------------------------------------------------
[INFO] Reactor Summary for food-ordering-system 1.0-SNAPSHOT:
[INFO] 
[INFO] food-ordering-system ............................... SUCCESS [  0.247 s]
[INFO] order-service ...................................... SUCCESS [  0.015 s]
[INFO] order-domain-core .................................. FAILURE [  0.393 s]
[INFO] order-application-service .......................... SKIPPED
[INFO] order-domain ....................................... SKIPPED
[INFO] order-application .................................. SKIPPED
[INFO] order-dataaccess ................................... SKIPPED
[INFO] order-messaging .................................... SKIPPED
[INFO] order-container .................................... SKIPPED
[INFO] ------------------------------------------------------------------------
[INFO] BUILD FAILURE
[INFO] ------------------------------------------------------------------------
[INFO] Total time:  1.024 s
[INFO] Finished at: 2026-04-04T11:31:23-03:00
[INFO] ------------------------------------------------------------------------
[ERROR] Failed to execute goal org.apache.maven.plugins:maven-compiler-plugin:3.14.1:compile (default-compile) on project order-domain-core: Fatal error compiling: error: release version 22 not supported -> [Help 1]
[ERROR] 
[ERROR] To see the full stack trace of the errors, re-run Maven with the -e switch.
[ERROR] Re-run Maven using the -X switch to enable full debug logging.
[ERROR] 
[ERROR] For more information about the errors and possible solutions, please read the following articles:
[ERROR] [Help 1] http://cwiki.apache.org/confluence/display/MAVEN/MojoExecutionException
[ERROR] 
[ERROR] After correcting the problems, you can resume the build with the command
[ERROR]   mvn <args> -rf :order-domain-core
